// Jest Snapshot v1, https://goo.gl/fbAQLP

exports[`<Search /> Should render without crashing 1`] = `
<section
  class="main"
>
  <h2
    class="main__title"
  >
    ¿Qué quieres ver hoy?
  </h2>
  <input
    class="input"
    placeholder="Buscar..."
    type="text"
  />
</section>
`;
